#
# There is insufficient memory for the Java Runtime Environment to continue.
# Native memory allocation (malloc) failed to allocate 3112048 bytes. Error detail: Chunk::new
# Possible reasons:
#   The system is out of physical RAM or swap space
#   This process is running with CompressedOops enabled, and the Java Heap may be blocking the growth of the native heap
# Possible solutions:
#   Reduce memory load on the system
#   Increase physical memory or swap space
#   Check if swap backing store is full
#   Decrease Java heap size (-Xmx/-Xms)
#   Decrease number of Java threads
#   Decrease Java thread stack sizes (-Xss)
#   Set larger code cache with -XX:ReservedCodeCacheSize=
#   JVM is running with Unscaled Compressed Oops mode in which the Java heap is
#     placed in the first 4GB address space. The Java Heap base address is the
#     maximum limit for the native heap growth. Please use -XX:HeapBaseMinAddress
#     to set the Java Heap base and to place the Java Heap above 4GB virtual address.
# This output file may be truncated or incomplete.
#
#  Out of Memory Error (arena.cpp:168), pid=4100, tid=16628
#
# JRE version: OpenJDK Runtime Environment Temurin-21.0.10+7 (21.0.10+7) (build 21.0.10+7-LTS)
# Java VM: OpenJDK 64-Bit Server VM Temurin-21.0.10+7 (21.0.10+7-LTS, mixed mode, sharing, tiered, compressed oops, compressed class ptrs, parallel gc, windows-amd64)
# No core dump will be written. Minidumps are not enabled by default on client versions of Windows
#

---------------  S U M M A R Y ------------

Command Line: --add-modules=ALL-SYSTEM --add-opens=java.base/java.util=ALL-UNNAMED --add-opens=java.base/java.lang=ALL-UNNAMED --add-opens=java.base/sun.nio.fs=ALL-UNNAMED -Declipse.application=org.eclipse.jdt.ls.core.id1 -Dosgi.bundles.defaultStartLevel=4 -Declipse.product=org.eclipse.jdt.ls.core.product -Djava.import.generatesMetadataFilesAtProjectRoot=false -DDetectVMInstallationsJob.disabled=true -Dfile.encoding=utf8 -XX:+UseParallelGC -XX:GCTimeRatio=4 -XX:AdaptiveSizePolicyWeight=90 -Dsun.zip.disableMemoryMapping=true -Xmx2G -Xms100m -Xlog:disable -javaagent:c:\Users\Пользователь\.vscode\extensions\redhat.java-1.53.0-win32-x64\lombok\lombok-1.18.39-4050.jar -XX:+HeapDumpOnOutOfMemoryError -XX:HeapDumpPath=c:\Users\Пользователь\AppData\Roaming\Code\User\workspaceStorage\96a9a54901f57974891139e22656001f\redhat.java -Daether.dependencyCollector.impl=bf c:\Users\Пользователь\.vscode\extensions\redhat.java-1.53.0-win32-x64\server\plugins\org.eclipse.equinox.launcher_1.7.100.v20251111-0406.jar -configuration c:\Users\Пользователь\AppData\Roaming\Code\User\globalStorage\redhat.java\1.53.0\config_win -data c:\Users\Пользователь\AppData\Roaming\Code\User\workspaceStorage\96a9a54901f57974891139e22656001f\redhat.java\jdt_ws --pipe=\\.\pipe\lsp-158b1211752cc5bb45f7f266d191b16a-sock

Host: 12th Gen Intel(R) Core(TM) i5-12450H, 12 cores, 15G,  Windows 11 , 64 bit Build 26100 (10.0.26100.7920)
Time: Wed Apr 15 20:17:00 2026 elapsed time: 107430.931327 seconds (1d 5h 50m 30s)

---------------  T H R E A D  ---------------

Current thread (0x000002c3ea8fd750):  JavaThread "C2 CompilerThread1" daemon [_thread_in_native, id=16628, stack(0x000000d296d00000,0x000000d296e00000) (1024K)]


Current CompileTask:
C2:107430931 13336       4       org.eclipse.jdt.internal.compiler.lookup.LookupEnvironment::getTypeFromTypeSignature (770 bytes)

Stack: [0x000000d296d00000,0x000000d296e00000]
Native frames: (J=compiled Java code, j=interpreted, Vv=VM code, C=native code)
V  [jvm.dll+0x6d7a39]
V  [jvm.dll+0x8b4b26]
V  [jvm.dll+0x8b70de]
V  [jvm.dll+0x8b77c3]
V  [jvm.dll+0x284346]
V  [jvm.dll+0xc66ed]
V  [jvm.dll+0xc6c31]
V  [jvm.dll+0x3bec3b]
V  [jvm.dll+0x1e3f69]
V  [jvm.dll+0x24c6b3]
V  [jvm.dll+0x24bb40]
V  [jvm.dll+0x1cb34e]
V  [jvm.dll+0x25b85d]
V  [jvm.dll+0x259dea]
V  [jvm.dll+0x3f857e]
V  [jvm.dll+0x85f59d]
V  [jvm.dll+0x6d626d]
C  [ucrtbase.dll+0x37b0]
C  [KERNEL32.DLL+0x2e8d7]
C  [ntdll.dll+0x8c48c]


---------------  P R O C E S S  ---------------

Threads class SMR info:
_java_thread_list=0x000002c3dfbd03c0, length=46, elements={
0x000002c3c66adfb0, 0x000002c3dd15e800, 0x000002c3c6756930, 0x000002c3c675ae50,
0x000002c3c675bc60, 0x000002c3c675e6d0, 0x000002c3de4da780, 0x000002c3c676df50,
0x000002c3de4eef20, 0x000002c3de6eb200, 0x000002c3de822410, 0x000002c3e7276760,
0x000002c3e7695560, 0x000002c3de5edbe0, 0x000002c3e7738a50, 0x000002c3e73a7670,
0x000002c3e71cd2c0, 0x000002c3de73e110, 0x000002c3e7d2be30, 0x000002c3e7d289b0,
0x000002c3e7d29040, 0x000002c3e7d296d0, 0x000002c3e7d2aa80, 0x000002c3e7d2b110,
0x000002c3e9a977f0, 0x000002c3e9a97e80, 0x000002c3e9a94a00, 0x000002c3e9a95720,
0x000002c3e9a95db0, 0x000002c3e9a96440, 0x000002c3e9a97160, 0x000002c3e9a96ad0,
0x000002c3e9a95090, 0x000002c3e982b4f0, 0x000002c3e982bb80, 0x000002c3e9829ab0,
0x000002c3e982a7d0, 0x000002c3e982d5c0, 0x000002c3e85f50e0, 0x000002c3e85f6b20,
0x000002c3e85f36a0, 0x000002c3e85f9280, 0x000002c3e85f9910, 0x000002c3e85f7ed0,
0x000002c3e982c8a0, 0x000002c3ea8fd750
}

Java Threads: ( => current thread )
  0x000002c3c66adfb0 JavaThread "main"                              [_thread_blocked, id=11508, stack(0x000000d294900000,0x000000d294a00000) (1024K)]
  0x000002c3dd15e800 JavaThread "Reference Handler"          daemon [_thread_blocked, id=12200, stack(0x000000d294d00000,0x000000d294e00000) (1024K)]
  0x000002c3c6756930 JavaThread "Finalizer"                  daemon [_thread_blocked, id=14800, stack(0x000000d294e00000,0x000000d294f00000) (1024K)]
  0x000002c3c675ae50 JavaThread "Signal Dispatcher"          daemon [_thread_blocked, id=3696, stack(0x000000d294f00000,0x000000d295000000) (1024K)]
  0x000002c3c675bc60 JavaThread "Attach Listener"            daemon [_thread_blocked, id=18616, stack(0x000000d295000000,0x000000d295100000) (1024K)]
  0x000002c3c675e6d0 JavaThread "Service Thread"             daemon [_thread_blocked, id=856, stack(0x000000d295100000,0x000000d295200000) (1024K)]
  0x000002c3de4da780 JavaThread "Monitor Deflation Thread"   daemon [_thread_blocked, id=7540, stack(0x000000d295200000,0x000000d295300000) (1024K)]
  0x000002c3c676df50 JavaThread "C2 CompilerThread0"         daemon [_thread_blocked, id=14256, stack(0x000000d295300000,0x000000d295400000) (1024K)]
  0x000002c3de4eef20 JavaThread "C1 CompilerThread0"         daemon [_thread_blocked, id=10912, stack(0x000000d295400000,0x000000d295500000) (1024K)]
  0x000002c3de6eb200 JavaThread "Common-Cleaner"             daemon [_thread_blocked, id=18076, stack(0x000000d295600000,0x000000d295700000) (1024K)]
  0x000002c3de822410 JavaThread "Notification Thread"        daemon [_thread_blocked, id=21884, stack(0x000000d295700000,0x000000d295800000) (1024K)]
  0x000002c3e7276760 JavaThread "Active Thread: Equinox Container: c9790fd0-28de-4d17-b059-c0fb22015a86"        [_thread_blocked, id=13820, stack(0x000000d295800000,0x000000d295900000) (1024K)]
  0x000002c3e7695560 JavaThread "Refresh Thread: Equinox Container: c9790fd0-28de-4d17-b059-c0fb22015a86" daemon [_thread_blocked, id=15412, stack(0x000000d295500000,0x000000d295600000) (1024K)]
  0x000002c3de5edbe0 JavaThread "Framework Event Dispatcher: Equinox Container: c9790fd0-28de-4d17-b059-c0fb22015a86" daemon [_thread_blocked, id=6488, stack(0x000000d296000000,0x000000d296100000) (1024K)]
  0x000002c3e7738a50 JavaThread "Start Level: Equinox Container: c9790fd0-28de-4d17-b059-c0fb22015a86" daemon [_thread_blocked, id=9276, stack(0x000000d296100000,0x000000d296200000) (1024K)]
  0x000002c3e73a7670 JavaThread "Bundle File Closer"         daemon [_thread_blocked, id=20656, stack(0x000000d296400000,0x000000d296500000) (1024K)]
  0x000002c3e71cd2c0 JavaThread "SCR Component Actor"        daemon [_thread_blocked, id=8056, stack(0x000000d294700000,0x000000d294800000) (1024K)]
  0x000002c3de73e110 JavaThread "Worker-JM"                         [_thread_blocked, id=13572, stack(0x000000d296500000,0x000000d296600000) (1024K)]
  0x000002c3e7d2be30 JavaThread "JNA Cleaner"                daemon [_thread_blocked, id=11076, stack(0x000000d296700000,0x000000d296800000) (1024K)]
  0x000002c3e7d289b0 JavaThread "Worker-1"                          [_thread_blocked, id=18332, stack(0x000000d296900000,0x000000d296a00000) (1024K)]
  0x000002c3e7d29040 JavaThread "Worker-2"                          [_thread_blocked, id=8284, stack(0x000000d296a00000,0x000000d296b00000) (1024K)]
  0x000002c3e7d296d0 JavaThread "Java indexing"              daemon [_thread_blocked, id=2056, stack(0x000000d296c00000,0x000000d296d00000) (1024K)]
  0x000002c3e7d2aa80 JavaThread "Thread-1"                   daemon [_thread_in_native, id=10700, stack(0x000000d297100000,0x000000d297200000) (1024K)]
  0x000002c3e7d2b110 JavaThread "Thread-2"                   daemon [_thread_in_native, id=8124, stack(0x000000d297200000,0x000000d297300000) (1024K)]
  0x000002c3e9a977f0 JavaThread "Thread-3"                   daemon [_thread_in_native, id=4380, stack(0x000000d297300000,0x000000d297400000) (1024K)]
  0x000002c3e9a97e80 JavaThread "Thread-4"                   daemon [_thread_in_native, id=6756, stack(0x000000d297400000,0x000000d297500000) (1024K)]
  0x000002c3e9a94a00 JavaThread "Thread-5"                   daemon [_thread_in_native, id=9676, stack(0x000000d297500000,0x000000d297600000) (1024K)]
  0x000002c3e9a95720 JavaThread "Thread-6"                   daemon [_thread_in_native, id=3244, stack(0x000000d297600000,0x000000d297700000) (1024K)]
  0x000002c3e9a95db0 JavaThread "Thread-7"                   daemon [_thread_in_native, id=11592, stack(0x000000d297700000,0x000000d297800000) (1024K)]
  0x000002c3e9a96440 JavaThread "Thread-8"                   daemon [_thread_in_native, id=12160, stack(0x000000d297800000,0x000000d297900000) (1024K)]
  0x000002c3e9a97160 JavaThread "Thread-9"                   daemon [_thread_in_native, id=23432, stack(0x000000d297900000,0x000000d297a00000) (1024K)]
  0x000002c3e9a96ad0 JavaThread "Thread-10"                  daemon [_thread_in_native, id=21716, stack(0x000000d297a00000,0x000000d297b00000) (1024K)]
  0x000002c3e9a95090 JavaThread "Thread-11"                  daemon [_thread_in_native, id=11580, stack(0x000000d297b00000,0x000000d297c00000) (1024K)]
  0x000002c3e982b4f0 JavaThread "Thread-12"                  daemon [_thread_in_native, id=8220, stack(0x000000d297c00000,0x000000d297d00000) (1024K)]
  0x000002c3e982bb80 JavaThread "Thread-13"                  daemon [_thread_in_native, id=16536, stack(0x000000d297d00000,0x000000d297e00000) (1024K)]
  0x000002c3e9829ab0 JavaThread "pool-2-thread-1"                   [_thread_blocked, id=22588, stack(0x000000d297e00000,0x000000d297f00000) (1024K)]
  0x000002c3e982a7d0 JavaThread "WorkspaceEventsHandler"            [_thread_blocked, id=14816, stack(0x000000d298000000,0x000000d298100000) (1024K)]
  0x000002c3e982d5c0 JavaThread "pool-1-thread-1"                   [_thread_blocked, id=18312, stack(0x000000d298100000,0x000000d298200000) (1024K)]
  0x000002c3e85f50e0 JavaThread "Cleaner-0"                  daemon [_thread_blocked, id=14416, stack(0x000000d298e00000,0x000000d298f00000) (1024K)]
  0x000002c3e85f6b20 JavaThread "ForkJoinPool.commonPool-worker-12" daemon [_thread_blocked, id=7968, stack(0x000000d294600000,0x000000d294700000) (1024K)]
  0x000002c3e85f36a0 JavaThread "Worker-6"                          [_thread_blocked, id=4652, stack(0x000000d294800000,0x000000d294900000) (1024K)]
  0x000002c3e85f9280 JavaThread "Compiler Source File Reader" daemon [_thread_blocked, id=11676, stack(0x000000d296800000,0x000000d296900000) (1024K)]
  0x000002c3e85f9910 JavaThread "Worker-7"                          [_thread_blocked, id=22456, stack(0x000000d296b00000,0x000000d296c00000) (1024K)]
  0x000002c3e85f7ed0 JavaThread "Compiler Processing Task"   daemon [_thread_blocked, id=9132, stack(0x000000d296600000,0x000000d296700000) (1024K)]
  0x000002c3e982c8a0 JavaThread "Worker-8"                          [_thread_blocked, id=22248, stack(0x000000d298200000,0x000000d298300000) (1024K)]
=>0x000002c3ea8fd750 JavaThread "C2 CompilerThread1"         daemon [_thread_in_native, id=16628, stack(0x000000d296d00000,0x000000d296e00000) (1024K)]
Total: 46

Other Threads:
  0x000002c3dd144540 VMThread "VM Thread"                           [id=2308, stack(0x000000d294c00000,0x000000d294d00000) (1024K)]
  0x000002c3dd03ca00 WatcherThread "VM Periodic Task Thread"        [id=17032, stack(0x000000d294b00000,0x000000d294c00000) (1024K)]
  0x000002c3c66ccf50 WorkerThread "GC Thread#0"                     [id=9460, stack(0x000000d294a00000,0x000000d294b00000) (1024K)]
  0x000002c3e714c740 WorkerThread "GC Thread#1"                     [id=3056, stack(0x000000d295900000,0x000000d295a00000) (1024K)]
  0x000002c3e714c0c0 WorkerThread "GC Thread#2"                     [id=14368, stack(0x000000d295a00000,0x000000d295b00000) (1024K)]
  0x000002c3df9472a0 WorkerThread "GC Thread#3"                     [id=14896, stack(0x000000d295b00000,0x000000d295c00000) (1024K)]
  0x000002c3df947650 WorkerThread "GC Thread#4"                     [id=4428, stack(0x000000d295c00000,0x000000d295d00000) (1024K)]
  0x000002c3df947a00 WorkerThread "GC Thread#5"                     [id=21420, stack(0x000000d295d00000,0x000000d295e00000) (1024K)]
  0x000002c3dfae6090 WorkerThread "GC Thread#6"                     [id=22944, stack(0x000000d295e00000,0x000000d295f00000) (1024K)]
  0x000002c3e76966e0 WorkerThread "GC Thread#7"                     [id=5808, stack(0x000000d295f00000,0x000000d296000000) (1024K)]
  0x000002c3de7d7970 WorkerThread "GC Thread#8"                     [id=23164, stack(0x000000d296200000,0x000000d296300000) (1024K)]
  0x000002c3de7d7d20 WorkerThread "GC Thread#9"                     [id=12764, stack(0x000000d296300000,0x000000d296400000) (1024K)]
Total: 12

Threads with active compile tasks:
C2 CompilerThread1  107430978 13336       4       org.eclipse.jdt.internal.compiler.lookup.LookupEnvironment::getTypeFromTypeSignature (770 bytes)
Total: 1

VM state: not at safepoint (normal execution)

VM Mutex/Monitor currently owned by a thread: None

Heap address: 0x0000000080000000, size: 2048 MB, Compressed Oops mode: 32-bit

CDS archive(s) mapped at: [0x000002c380000000-0x000002c380ba0000-0x000002c380ba0000), size 12189696, SharedBaseAddress: 0x000002c380000000, ArchiveRelocationMode: 1.
Compressed class space mapped at: 0x000002c381000000-0x000002c3c1000000, reserved size: 1073741824
Narrow klass base: 0x000002c380000000, Narrow klass shift: 0, Narrow klass range: 0x100000000

GC Precious Log:
 CardTable entry size: 512
 CPUs: 12 total, 12 available
 Memory: 16104M
 Large Page Support: Disabled
 NUMA Support: Disabled
 Compressed Oops: Enabled (32-bit)
 Alignments: Space 512K, Generation 512K, Heap 2M
 Heap Min Capacity: 100M
 Heap Initial Capacity: 100M
 Heap Max Capacity: 2G
 Pre-touch: Disabled
 Parallel Workers: 10

Heap:
 PSYoungGen      total 15872K, used 10028K [0x00000000d5580000, 0x00000000d6800000, 0x0000000100000000)
  eden space 13824K, 60% used [0x00000000d5580000,0x00000000d5db13f0,0x00000000d6300000)
  from space 2048K, 80% used [0x00000000d6400000,0x00000000d6599e30,0x00000000d6600000)
  to   space 2048K, 0% used [0x00000000d6600000,0x00000000d6600000,0x00000000d6800000)
 ParOldGen       total 128000K, used 127745K [0x0000000080000000, 0x0000000087d00000, 0x00000000d5580000)
  object space 128000K, 99% used [0x0000000080000000,0x0000000087cc04e8,0x0000000087d00000)
 Metaspace       used 72037K, committed 73664K, reserved 1179648K
  class space    used 7545K, committed 8256K, reserved 1048576K

Card table byte_map: [0x000002c3c6070000,0x000002c3c6480000] _byte_map_base: 0x000002c3c5c70000

Marking Bits: (ParMarkBitMap*) 0x00007ffcc55b3450
 Begin Bits: [0x000002c3d8b60000, 0x000002c3dab60000)
 End Bits:   [0x000002c3dab60000, 0x000002c3dcb60000)

Polling page: 0x000002c3c4920000

Metaspace:

Usage:
  Non-class:     62.98 MB used.
      Class:      7.37 MB used.
       Both:     70.35 MB used.

Virtual space:
  Non-class space:      128.00 MB reserved,      63.88 MB ( 50%) committed,  2 nodes.
      Class space:        1.00 GB reserved,       8.06 MB ( <1%) committed,  1 nodes.
             Both:        1.12 GB reserved,      71.94 MB (  6%) committed. 

Chunk freelists:
   Non-Class:  15.53 MB
       Class:  7.80 MB
        Both:  23.33 MB

MaxMetaspaceSize: unlimited
CompressedClassSpaceSize: 1.00 GB
Initial GC threshold: 21.00 MB
Current GC threshold: 97.31 MB
CDS: on
 - commit_granule_bytes: 65536.
 - commit_granule_words: 8192.
 - virtual_space_node_default_size: 8388608.
 - enlarge_chunks_in_place: 1.
 - use_allocation_guard: 0.


Internal statistics:

num_allocs_failed_limit: 9.
num_arena_births: 1378.
num_arena_deaths: 14.
num_vsnodes_births: 3.
num_vsnodes_deaths: 0.
num_space_committed: 1151.
num_space_uncommitted: 0.
num_chunks_returned_to_freelist: 23.
num_chunks_taken_from_freelist: 4860.
num_chunk_merges: 11.
num_chunk_splits: 2970.
num_chunks_enlarged: 1644.
num_inconsistent_stats: 0.

CodeHeap 'non-profiled nmethods': size=120000Kb used=11058Kb max_used=11058Kb free=108941Kb
 bounds [0x000002c3d1380000, 0x000002c3d1e50000, 0x000002c3d88b0000]
CodeHeap 'profiled nmethods': size=120000Kb used=30026Kb max_used=30026Kb free=89974Kb
 bounds [0x000002c3c98b0000, 0x000002c3cb610000, 0x000002c3d0de0000]
CodeHeap 'non-nmethods': size=5760Kb used=1467Kb max_used=1538Kb free=4292Kb
 bounds [0x000002c3d0de0000, 0x000002c3d1050000, 0x000002c3d1380000]
CodeCache: size=245760Kb, used=42551Kb, max_used=42622Kb, free=203207Kb
 total_blobs=13354, nmethods=12565, adapters=693, full_count=0
Compilation: enabled, stopped_count=0, restarted_count=0

Compilation events (20 events):
Event: 107429.278 Thread 0x000002c3de4eef20 nmethod 13373 0x000002c3d1e45710 code [0x000002c3d1e458a0, 0x000002c3d1e45968]
Event: 107429.278 Thread 0x000002c3de4eef20 13375       3       org.eclipse.jdt.internal.core.index.MetaIndex$$Lambda/0x000002c3817fe338::<init> (10 bytes)
Event: 107429.279 Thread 0x000002c3de4eef20 nmethod 13375 0x000002c3cb600810 code [0x000002c3cb6009c0, 0x000002c3cb600b48]
Event: 107429.279 Thread 0x000002c3de4eef20 13376       3       java.nio.ByteBuffer::clear (7 bytes)
Event: 107429.279 Thread 0x000002c3de4eef20 nmethod 13376 0x000002c3cb600c10 code [0x000002c3cb600dc0, 0x000002c3cb600f40]
Event: 107429.281 Thread 0x000002c3de4eef20 13377       3       java.lang.invoke.LambdaForm$DMH/0x000002c381788000::newInvokeSpecial (27 bytes)
Event: 107429.282 Thread 0x000002c3de4eef20 nmethod 13377 0x000002c3cb601010 code [0x000002c3cb601200, 0x000002c3cb6017a0]
Event: 107429.282 Thread 0x000002c3de4eef20 13378       3       java.util.Hashtable::entrySet (28 bytes)
Event: 107429.282 Thread 0x000002c3de4eef20 nmethod 13378 0x000002c3cb601990 code [0x000002c3cb601b80, 0x000002c3cb6021b8]
Event: 107429.282 Thread 0x000002c3de4eef20 13379       3       java.util.Hashtable$EntrySet::iterator (9 bytes)
Event: 107429.283 Thread 0x000002c3de4eef20 nmethod 13379 0x000002c3cb602410 code [0x000002c3cb6025c0, 0x000002c3cb602708]
Event: 107429.315 Thread 0x000002c3c676df50 nmethod 13315 0x000002c3d1e45a10 code [0x000002c3d1e45f60, 0x000002c3d1e480e8]
Event: 107429.315 Thread 0x000002c3c676df50 13330       4       org.eclipse.jdt.core.compiler.CharOperation::equals (55 bytes)
Event: 107429.317 Thread 0x000002c3c676df50 nmethod 13330 0x000002c3d1e4b910 code [0x000002c3d1e4baa0, 0x000002c3d1e4bcc0]
Event: 107429.317 Thread 0x000002c3c676df50 13334       4       org.eclipse.jdt.internal.compiler.lookup.TypeSystem$HashedParameterizedTypes$PTBKey::<init> (101 bytes)
Event: 107429.321 Thread 0x000002c3c676df50 nmethod 13334 0x000002c3d1e4bd90 code [0x000002c3d1e4bf40, 0x000002c3d1e4c140]
Event: 107429.321 Thread 0x000002c3c676df50 13351       4       org.eclipse.jdt.internal.compiler.lookup.SourceTypeBinding::isPrototype (12 bytes)
Event: 107429.322 Thread 0x000002c3c676df50 nmethod 13351 0x000002c3d1e4c310 code [0x000002c3d1e4c4a0, 0x000002c3d1e4c550]
Event: 107429.322 Thread 0x000002c3c676df50 13329       4       org.eclipse.jdt.internal.compiler.lookup.MethodBinding::<init> (136 bytes)
Event: 107429.324 Thread 0x000002c3c676df50 nmethod 13329 0x000002c3d1e4c610 code [0x000002c3d1e4c7a0, 0x000002c3d1e4c900]

GC Heap History (20 events):
Event: 71.024 GC heap before
{Heap before GC invocations=101 (full 3):
 PSYoungGen      total 19968K, used 19821K [0x00000000d5580000, 0x00000000d6b00000, 0x0000000100000000)
  eden space 17920K, 100% used [0x00000000d5580000,0x00000000d6700000,0x00000000d6700000)
  from space 2048K, 92% used [0x00000000d6700000,0x00000000d68db648,0x00000000d6900000)
  to   space 2048K, 0% used [0x00000000d6900000,0x00000000d6900000,0x00000000d6b00000)
 ParOldGen       total 79360K, used 78879K [0x0000000080000000, 0x0000000084d80000, 0x00000000d5580000)
  object space 79360K, 99% used [0x0000000080000000,0x0000000084d07f08,0x0000000084d80000)
 Metaspace       used 63132K, committed 64576K, reserved 1114112K
  class space    used 6649K, committed 7296K, reserved 1048576K
}
Event: 71.027 GC heap after
{Heap after GC invocations=101 (full 3):
 PSYoungGen      total 18944K, used 896K [0x00000000d5580000, 0x00000000d6a00000, 0x0000000100000000)
  eden space 17920K, 0% used [0x00000000d5580000,0x00000000d5580000,0x00000000d6700000)
  from space 1024K, 87% used [0x00000000d6900000,0x00000000d69e0000,0x00000000d6a00000)
  to   space 1536K, 0% used [0x00000000d6700000,0x00000000d6700000,0x00000000d6880000)
 ParOldGen       total 80896K, used 80416K [0x0000000080000000, 0x0000000084f00000, 0x00000000d5580000)
  object space 80896K, 99% used [0x0000000080000000,0x0000000084e88390,0x0000000084f00000)
 Metaspace       used 63132K, committed 64576K, reserved 1114112K
  class space    used 6649K, committed 7296K, reserved 1048576K
}
Event: 71.794 GC heap before
{Heap before GC invocations=102 (full 3):
 PSYoungGen      total 18944K, used 18816K [0x00000000d5580000, 0x00000000d6a00000, 0x0000000100000000)
  eden space 17920K, 100% used [0x00000000d5580000,0x00000000d6700000,0x00000000d6700000)
  from space 1024K, 87% used [0x00000000d6900000,0x00000000d69e0000,0x00000000d6a00000)
  to   space 1536K, 0% used [0x00000000d6700000,0x00000000d6700000,0x00000000d6880000)
 ParOldGen       total 80896K, used 80416K [0x0000000080000000, 0x0000000084f00000, 0x00000000d5580000)
  object space 80896K, 99% used [0x0000000080000000,0x0000000084e88390,0x0000000084f00000)
 Metaspace       used 64025K, committed 65472K, reserved 1114112K
  class space    used 6721K, committed 7360K, reserved 1048576K
}
Event: 71.798 GC heap after
{Heap after GC invocations=102 (full 3):
 PSYoungGen      total 19456K, used 1522K [0x00000000d5580000, 0x00000000d6d00000, 0x0000000100000000)
  eden space 17920K, 0% used [0x00000000d5580000,0x00000000d5580000,0x00000000d6700000)
  from space 1536K, 99% used [0x00000000d6700000,0x00000000d687c948,0x00000000d6880000)
  to   space 3072K, 0% used [0x00000000d6a00000,0x00000000d6a00000,0x00000000d6d00000)
 ParOldGen       total 81920K, used 81534K [0x0000000080000000, 0x0000000085000000, 0x00000000d5580000)
  object space 81920K, 99% used [0x0000000080000000,0x0000000084f9f860,0x0000000085000000)
 Metaspace       used 64025K, committed 65472K, reserved 1114112K
  class space    used 6721K, committed 7360K, reserved 1048576K
}
Event: 72.607 GC heap before
{Heap before GC invocations=103 (full 3):
 PSYoungGen      total 19456K, used 19442K [0x00000000d5580000, 0x00000000d6d00000, 0x0000000100000000)
  eden space 17920K, 100% used [0x00000000d5580000,0x00000000d6700000,0x00000000d6700000)
  from space 1536K, 99% used [0x00000000d6700000,0x00000000d687c948,0x00000000d6880000)
  to   space 3072K, 0% used [0x00000000d6a00000,0x00000000d6a00000,0x00000000d6d00000)
 ParOldGen       total 81920K, used 81534K [0x0000000080000000, 0x0000000085000000, 0x00000000d5580000)
  object space 81920K, 99% used [0x0000000080000000,0x0000000084f9f860,0x0000000085000000)
 Metaspace       used 65891K, committed 67264K, reserved 1114112K
  class space    used 6883K, committed 7488K, reserved 1048576K
}
Event: 72.611 GC heap after
{Heap after GC invocations=103 (full 3):
 PSYoungGen      total 19968K, used 1884K [0x00000000d5580000, 0x00000000d6c00000, 0x0000000100000000)
  eden space 17920K, 0% used [0x00000000d5580000,0x00000000d5580000,0x00000000d6700000)
  from space 2048K, 92% used [0x00000000d6a00000,0x00000000d6bd7148,0x00000000d6c00000)
  to   space 2560K, 0% used [0x00000000d6700000,0x00000000d6700000,0x00000000d6980000)
 ParOldGen       total 83456K, used 82970K [0x0000000080000000, 0x0000000085180000, 0x00000000d5580000)
  object space 83456K, 99% used [0x0000000080000000,0x0000000085106910,0x0000000085180000)
 Metaspace       used 65891K, committed 67264K, reserved 1114112K
  class space    used 6883K, committed 7488K, reserved 1048576K
}
Event: 73.469 GC heap before
{Heap before GC invocations=104 (full 3):
 PSYoungGen      total 19968K, used 19804K [0x00000000d5580000, 0x00000000d6c00000, 0x0000000100000000)
  eden space 17920K, 100% used [0x00000000d5580000,0x00000000d6700000,0x00000000d6700000)
  from space 2048K, 92% used [0x00000000d6a00000,0x00000000d6bd7148,0x00000000d6c00000)
  to   space 2560K, 0% used [0x00000000d6700000,0x00000000d6700000,0x00000000d6980000)
 ParOldGen       total 83456K, used 82970K [0x0000000080000000, 0x0000000085180000, 0x00000000d5580000)
  object space 83456K, 99% used [0x0000000080000000,0x0000000085106910,0x0000000085180000)
 Metaspace       used 66501K, committed 68032K, reserved 1114112K
  class space    used 6947K, committed 7616K, reserved 1048576K
}
Event: 73.473 GC heap after
{Heap after GC invocations=104 (full 3):
 PSYoungGen      total 20480K, used 2484K [0x00000000d5580000, 0x00000000d6d00000, 0x0000000100000000)
  eden space 17920K, 0% used [0x00000000d5580000,0x00000000d5580000,0x00000000d6700000)
  from space 2560K, 97% used [0x00000000d6700000,0x00000000d696d078,0x00000000d6980000)
  to   space 3072K, 0% used [0x00000000d6a00000,0x00000000d6a00000,0x00000000d6d00000)
 ParOldGen       total 84480K, used 84358K [0x0000000080000000, 0x0000000085280000, 0x00000000d5580000)
  object space 84480K, 99% used [0x0000000080000000,0x0000000085261be0,0x0000000085280000)
 Metaspace       used 66501K, committed 68032K, reserved 1114112K
  class space    used 6947K, committed 7616K, reserved 1048576K
}
Event: 74.429 GC heap before
{Heap before GC invocations=105 (full 3):
 PSYoungGen      total 20480K, used 20376K [0x00000000d5580000, 0x00000000d6d00000, 0x0000000100000000)
  eden space 17920K, 99% used [0x00000000d5580000,0x00000000d66f9368,0x00000000d6700000)
  from space 2560K, 97% used [0x00000000d6700000,0x00000000d696d078,0x00000000d6980000)
  to   space 3072K, 0% used [0x00000000d6a00000,0x00000000d6a00000,0x00000000d6d00000)
 ParOldGen       total 84480K, used 84358K [0x0000000080000000, 0x0000000085280000, 0x00000000d5580000)
  object space 84480K, 99% used [0x0000000080000000,0x0000000085261be0,0x0000000085280000)
 Metaspace       used 67933K, committed 69376K, reserved 1114112K
  class space    used 7093K, committed 7744K, reserved 1048576K
}
Event: 74.434 GC heap after
{Heap after GC invocations=105 (full 3):
 PSYoungGen      total 19456K, used 1452K [0x00000000d5580000, 0x00000000d6b80000, 0x0000000100000000)
  eden space 17920K, 0% used [0x00000000d5580000,0x00000000d5580000,0x00000000d6700000)
  from space 1536K, 94% used [0x00000000d6a00000,0x00000000d6b6b3c8,0x00000000d6b80000)
  to   space 2048K, 0% used [0x00000000d6780000,0x00000000d6780000,0x00000000d6980000)
 ParOldGen       total 86528K, used 86100K [0x0000000080000000, 0x0000000085480000, 0x00000000d5580000)
  object space 86528K, 99% used [0x0000000080000000,0x0000000085415288,0x0000000085480000)
 Metaspace       used 67933K, committed 69376K, reserved 1114112K
  class space    used 7093K, committed 7744K, reserved 1048576K
}
Event: 107419.586 GC heap before
{Heap before GC invocations=106 (full 3):
 PSYoungGen      total 19456K, used 19372K [0x00000000d5580000, 0x00000000d6b80000, 0x0000000100000000)
  eden space 17920K, 100% used [0x00000000d5580000,0x00000000d6700000,0x00000000d6700000)
  from space 1536K, 94% used [0x00000000d6a00000,0x00000000d6b6b3c8,0x00000000d6b80000)
  to   space 2048K, 0% used [0x00000000d6780000,0x00000000d6780000,0x00000000d6980000)
 ParOldGen       total 86528K, used 86100K [0x0000000080000000, 0x0000000085480000, 0x00000000d5580000)
  object space 86528K, 99% used [0x0000000080000000,0x0000000085415288,0x0000000085480000)
 Metaspace       used 69384K, committed 70848K, reserved 1114112K
  class space    used 7233K, committed 7872K, reserved 1048576K
}
Event: 107419.604 GC heap after
{Heap after GC invocations=106 (full 3):
 PSYoungGen      total 18944K, used 832K [0x00000000d5580000, 0x00000000d6a80000, 0x0000000100000000)
  eden space 17920K, 0% used [0x00000000d5580000,0x00000000d5580000,0x00000000d6700000)
  from space 1024K, 81% used [0x00000000d6780000,0x00000000d6850020,0x00000000d6880000)
  to   space 1536K, 0% used [0x00000000d6900000,0x00000000d6900000,0x00000000d6a80000)
 ParOldGen       total 87040K, used 86951K [0x0000000080000000, 0x0000000085500000, 0x00000000d5580000)
  object space 87040K, 99% used [0x0000000080000000,0x00000000854e9f18,0x0000000085500000)
 Metaspace       used 69384K, committed 70848K, reserved 1114112K
  class space    used 7233K, committed 7872K, reserved 1048576K
}
Event: 107423.651 GC heap before
{Heap before GC invocations=107 (full 3):
 PSYoungGen      total 18944K, used 18749K [0x00000000d5580000, 0x00000000d6a80000, 0x0000000100000000)
  eden space 17920K, 99% used [0x00000000d5580000,0x00000000d66ff788,0x00000000d6700000)
  from space 1024K, 81% used [0x00000000d6780000,0x00000000d6850020,0x00000000d6880000)
  to   space 1536K, 0% used [0x00000000d6900000,0x00000000d6900000,0x00000000d6a80000)
 ParOldGen       total 87040K, used 86951K [0x0000000080000000, 0x0000000085500000, 0x00000000d5580000)
  object space 87040K, 99% used [0x0000000080000000,0x00000000854e9f18,0x0000000085500000)
 Metaspace       used 70377K, committed 71808K, reserved 1114112K
  class space    used 7350K, committed 8000K, reserved 1048576K
}
Event: 107423.654 GC heap after
{Heap after GC invocations=107 (full 3):
 PSYoungGen      total 15360K, used 1535K [0x00000000d5580000, 0x00000000d7300000, 0x0000000100000000)
  eden space 13824K, 0% used [0x00000000d5580000,0x00000000d5580000,0x00000000d6300000)
  from space 1536K, 99% used [0x00000000d6900000,0x00000000d6a7ff38,0x00000000d6a80000)
  to   space 6144K, 0% used [0x00000000d6300000,0x00000000d6300000,0x00000000d6900000)
 ParOldGen       total 90624K, used 90483K [0x0000000080000000, 0x0000000085880000, 0x00000000d5580000)
  object space 90624K, 99% used [0x0000000080000000,0x000000008585cce8,0x0000000085880000)
 Metaspace       used 70377K, committed 71808K, reserved 1114112K
  class space    used 7350K, committed 8000K, reserved 1048576K
}
Event: 107426.199 GC heap before
{Heap before GC invocations=108 (full 3):
 PSYoungGen      total 15360K, used 15359K [0x00000000d5580000, 0x00000000d7300000, 0x0000000100000000)
  eden space 13824K, 100% used [0x00000000d5580000,0x00000000d6300000,0x00000000d6300000)
  from space 1536K, 99% used [0x00000000d6900000,0x00000000d6a7ff38,0x00000000d6a80000)
  to   space 6144K, 0% used [0x00000000d6300000,0x00000000d6300000,0x00000000d6900000)
 ParOldGen       total 90624K, used 90483K [0x0000000080000000, 0x0000000085880000, 0x00000000d5580000)
  object space 90624K, 99% used [0x0000000080000000,0x000000008585cce8,0x0000000085880000)
 Metaspace       used 70868K, committed 72384K, reserved 1114112K
  class space    used 7413K, committed 8064K, reserved 1048576K
}
Event: 107426.206 GC heap after
{Heap after GC invocations=108 (full 3):
 PSYoungGen      total 18432K, used 4201K [0x00000000d5580000, 0x00000000d6c00000, 0x0000000100000000)
  eden space 13824K, 0% used [0x00000000d5580000,0x00000000d5580000,0x00000000d6300000)
  from space 4608K, 91% used [0x00000000d6300000,0x00000000d671a530,0x00000000d6780000)
  to   space 4608K, 0% used [0x00000000d6780000,0x00000000d6780000,0x00000000d6c00000)
 ParOldGen       total 92160K, used 91927K [0x0000000080000000, 0x0000000085a00000, 0x00000000d5580000)
  object space 92160K, 99% used [0x0000000080000000,0x00000000859c5e00,0x0000000085a00000)
 Metaspace       used 70868K, committed 72384K, reserved 1114112K
  class space    used 7413K, committed 8064K, reserved 1048576K
}
Event: 107427.377 GC heap before
{Heap before GC invocations=109 (full 3):
 PSYoungGen      total 18432K, used 18025K [0x00000000d5580000, 0x00000000d6c00000, 0x0000000100000000)
  eden space 13824K, 100% used [0x00000000d5580000,0x00000000d6300000,0x00000000d6300000)
  from space 4608K, 91% used [0x00000000d6300000,0x00000000d671a530,0x00000000d6780000)
  to   space 4608K, 0% used [0x00000000d6780000,0x00000000d6780000,0x00000000d6c00000)
 ParOldGen       total 92160K, used 91927K [0x0000000080000000, 0x0000000085a00000, 0x00000000d5580000)
  object space 92160K, 99% used [0x0000000080000000,0x00000000859c5e00,0x0000000085a00000)
 Metaspace       used 71175K, committed 72704K, reserved 1114112K
  class space    used 7460K, committed 8128K, reserved 1048576K
}
Event: 107427.386 GC heap after
{Heap after GC invocations=109 (full 3):
 PSYoungGen      total 16384K, used 2176K [0x00000000d5580000, 0x00000000d6a00000, 0x0000000100000000)
  eden space 13824K, 0% used [0x00000000d5580000,0x00000000d5580000,0x00000000d6300000)
  from space 2560K, 85% used [0x00000000d6780000,0x00000000d69a0020,0x00000000d6a00000)
  to   space 3072K, 0% used [0x00000000d6400000,0x00000000d6400000,0x00000000d6700000)
 ParOldGen       total 96256K, used 95882K [0x0000000080000000, 0x0000000085e00000, 0x00000000d5580000)
  object space 96256K, 99% used [0x0000000080000000,0x0000000085da2928,0x0000000085e00000)
 Metaspace       used 71175K, committed 72704K, reserved 1114112K
  class space    used 7460K, committed 8128K, reserved 1048576K
}
Event: 107429.193 GC heap before
{Heap before GC invocations=110 (full 3):
 PSYoungGen      total 16384K, used 16000K [0x00000000d5580000, 0x00000000d6a00000, 0x0000000100000000)
  eden space 13824K, 100% used [0x00000000d5580000,0x00000000d6300000,0x00000000d6300000)
  from space 2560K, 85% used [0x00000000d6780000,0x00000000d69a0020,0x00000000d6a00000)
  to   space 3072K, 0% used [0x00000000d6400000,0x00000000d6400000,0x00000000d6700000)
 ParOldGen       total 128000K, used 126602K [0x0000000080000000, 0x0000000087d00000, 0x00000000d5580000)
  object space 128000K, 98% used [0x0000000080000000,0x0000000087ba2958,0x0000000087d00000)
 Metaspace       used 71942K, committed 73536K, reserved 1179648K
  class space    used 7542K, committed 8256K, reserved 1048576K
}
Event: 107429.196 GC heap after
{Heap after GC invocations=110 (full 3):
 PSYoungGen      total 15872K, used 1639K [0x00000000d5580000, 0x00000000d6800000, 0x0000000100000000)
  eden space 13824K, 0% used [0x00000000d5580000,0x00000000d5580000,0x00000000d6300000)
  from space 2048K, 80% used [0x00000000d6400000,0x00000000d6599e30,0x00000000d6600000)
  to   space 2048K, 0% used [0x00000000d6600000,0x00000000d6600000,0x00000000d6800000)
 ParOldGen       total 128000K, used 127745K [0x0000000080000000, 0x0000000087d00000, 0x00000000d5580000)
  object space 128000K, 99% used [0x0000000080000000,0x0000000087cc04e8,0x0000000087d00000)
 Metaspace       used 71942K, committed 73536K, reserved 1179648K
  class space    used 7542K, committed 8256K, reserved 1048576K
}

Dll operation events (10 events):
Event: 0.213 Loaded shared library c:\Users\Пользователь\.vscode\extensions\redhat.java-1.53.0-win32-x64\jre\21.0.10-win32-x86_64\bin\java.dll
Event: 0.345 Loaded shared library c:\Users\Пользователь\.vscode\extensions\redhat.java-1.53.0-win32-x64\jre\21.0.10-win32-x86_64\bin\zip.dll
Event: 0.520 Loaded shared library C:\Users\Пользователь\.vscode\extensions\redhat.java-1.53.0-win32-x64\jre\21.0.10-win32-x86_64\bin\instrument.dll
Event: 0.591 Loaded shared library C:\Users\Пользователь\.vscode\extensions\redhat.java-1.53.0-win32-x64\jre\21.0.10-win32-x86_64\bin\net.dll
Event: 0.714 Loaded shared library C:\Users\Пользователь\.vscode\extensions\redhat.java-1.53.0-win32-x64\jre\21.0.10-win32-x86_64\bin\nio.dll
Event: 0.723 Loaded shared library C:\Users\Пользователь\.vscode\extensions\redhat.java-1.53.0-win32-x64\jre\21.0.10-win32-x86_64\bin\zip.dll
Event: 0.759 Loaded shared library C:\Users\Пользователь\.vscode\extensions\redhat.java-1.53.0-win32-x64\jre\21.0.10-win32-x86_64\bin\jimage.dll
Event: 1.034 Loaded shared library c:\Users\Пользователь\.vscode\extensions\redhat.java-1.53.0-win32-x64\jre\21.0.10-win32-x86_64\bin\verify.dll
Event: 21.536 Loaded shared library C:\Users\Пользователь\AppData\Roaming\Code\User\globalStorage\redhat.java\1.53.0\config_win\org.eclipse.equinox.launcher\org.eclipse.equinox.launcher.win32.win32.x86_64_1.3.0.v20260203-2149\eclipse_11919.dll
Event: 46.801 Loaded shared library C:\Users\Пользователь\AppData\Local\Temp\jna--2071995527\jna12827028702581117607.dll

Deoptimization events (20 events):
Event: 107428.099 Thread 0x000002c3e7d289b0 DEOPT PACKING pc=0x000002c3d18526b8 sp=0x000000d2969fd6d0
Event: 107428.099 Thread 0x000002c3e7d289b0 DEOPT UNPACKING pc=0x000002c3d0e33aa2 sp=0x000000d2969fd660 mode 2
Event: 107428.111 Thread 0x000002c3e7d289b0 Uncommon trap: trap_request=0xffffffde fr.pc=0x000002c3d1a80fe4 relative=0x0000000000000a24
Event: 107428.111 Thread 0x000002c3e7d289b0 Uncommon trap: reason=class_check action=maybe_recompile pc=0x000002c3d1a80fe4 method=java.util.HashMap.computeIfAbsent(Ljava/lang/Object;Ljava/util/function/Function;)Ljava/lang/Object; @ 142 c2
Event: 107428.111 Thread 0x000002c3e7d289b0 DEOPT PACKING pc=0x000002c3d1a80fe4 sp=0x000000d2969fd6d0
Event: 107428.111 Thread 0x000002c3e7d289b0 DEOPT UNPACKING pc=0x000002c3d0e33aa2 sp=0x000000d2969fd678 mode 2
Event: 107428.546 Thread 0x000002c3e7d289b0 Uncommon trap: trap_request=0xffffffde fr.pc=0x000002c3d1d9f864 relative=0x00000000000009c4
Event: 107428.546 Thread 0x000002c3e7d289b0 Uncommon trap: reason=class_check action=maybe_recompile pc=0x000002c3d1d9f864 method=org.eclipse.core.internal.dtree.DeltaDataTree.lookup(Lorg/eclipse/core/runtime/IPath;)Lorg/eclipse/core/internal/dtree/DataTreeLookup; @ 66 c2
Event: 107428.546 Thread 0x000002c3e7d289b0 DEOPT PACKING pc=0x000002c3d1d9f864 sp=0x000000d2969fdde0
Event: 107428.546 Thread 0x000002c3e7d289b0 DEOPT UNPACKING pc=0x000002c3d0e33aa2 sp=0x000000d2969fdd20 mode 2
Event: 107428.546 Thread 0x000002c3e7d289b0 Uncommon trap: trap_request=0xffffffde fr.pc=0x000002c3d1d9f864 relative=0x00000000000009c4
Event: 107428.546 Thread 0x000002c3e7d289b0 Uncommon trap: reason=class_check action=maybe_recompile pc=0x000002c3d1d9f864 method=org.eclipse.core.internal.dtree.DeltaDataTree.lookup(Lorg/eclipse/core/runtime/IPath;)Lorg/eclipse/core/internal/dtree/DataTreeLookup; @ 66 c2
Event: 107428.546 Thread 0x000002c3e7d289b0 DEOPT PACKING pc=0x000002c3d1d9f864 sp=0x000000d2969fddd0
Event: 107428.546 Thread 0x000002c3e7d289b0 DEOPT UNPACKING pc=0x000002c3d0e33aa2 sp=0x000000d2969fdd10 mode 2
Event: 107429.220 Thread 0x000002c3e7d296d0 DEOPT PACKING pc=0x000002c3cafaa31f sp=0x000000d296cfd6f0
Event: 107429.220 Thread 0x000002c3e7d296d0 DEOPT UNPACKING pc=0x000002c3d0e34242 sp=0x000000d296cfcc08 mode 0
Event: 107429.264 Thread 0x000002c3e7d296d0 Uncommon trap: trap_request=0xffffff45 fr.pc=0x000002c3d16504d0 relative=0x00000000000003d0
Event: 107429.264 Thread 0x000002c3e7d296d0 Uncommon trap: reason=unstable_if action=reinterpret pc=0x000002c3d16504d0 method=java.util.Arrays.hashCode([C)I @ 8 c2
Event: 107429.264 Thread 0x000002c3e7d296d0 DEOPT PACKING pc=0x000002c3d16504d0 sp=0x000000d296cfea60
Event: 107429.264 Thread 0x000002c3e7d296d0 DEOPT UNPACKING pc=0x000002c3d0e33aa2 sp=0x000000d296cfe930 mode 2

Classes loaded (20 events):
Event: 107420.554 Loading class java/util/stream/ReduceOps$5
Event: 107420.556 Loading class java/util/stream/ReduceOps$5 done
Event: 107420.556 Loading class java/util/stream/ReduceOps$CountingSink$OfRef
Event: 107420.557 Loading class java/util/stream/ReduceOps$CountingSink
Event: 107420.560 Loading class java/util/stream/ReduceOps$CountingSink done
Event: 107420.560 Loading class java/util/stream/ReduceOps$CountingSink$OfRef done
Event: 107420.655 Loading class java/util/ImmutableCollections$SubList
Event: 107420.657 Loading class java/util/ImmutableCollections$SubList done
Event: 107420.780 Loading class java/util/zip/CheckedInputStream
Event: 107420.780 Loading class java/util/zip/CheckedInputStream done
Event: 107425.546 Loading class jdk/internal/module/IllegalAccessLogger
Event: 107425.546 Loading class jdk/internal/module/IllegalAccessLogger done
Event: 107425.572 Loading class java/util/concurrent/ArrayBlockingQueue
Event: 107425.573 Loading class java/util/concurrent/ArrayBlockingQueue done
Event: 107425.875 Loading class sun/nio/ch/ChannelOutputStream
Event: 107425.875 Loading class sun/nio/ch/ChannelOutputStream done
Event: 107428.088 Loading class java/nio/BufferMismatch
Event: 107428.090 Loading class java/nio/BufferMismatch done
Event: 107428.091 Loading class java/nio/file/attribute/PosixFileAttributes
Event: 107428.091 Loading class java/nio/file/attribute/PosixFileAttributes done

Classes unloaded (7 events):
Event: 47.599 Thread 0x000002c3dd144540 Unloading class 0x000002c3811a4400 'java/lang/invoke/LambdaForm$MH+0x000002c3811a4400'
Event: 47.599 Thread 0x000002c3dd144540 Unloading class 0x000002c3811a4000 'java/lang/invoke/LambdaForm$MH+0x000002c3811a4000'
Event: 47.599 Thread 0x000002c3dd144540 Unloading class 0x000002c3811a3c00 'java/lang/invoke/LambdaForm$MH+0x000002c3811a3c00'
Event: 47.599 Thread 0x000002c3dd144540 Unloading class 0x000002c3811a3800 'java/lang/invoke/LambdaForm$MH+0x000002c3811a3800'
Event: 47.599 Thread 0x000002c3dd144540 Unloading class 0x000002c3811a3400 'java/lang/invoke/LambdaForm$BMH+0x000002c3811a3400'
Event: 47.599 Thread 0x000002c3dd144540 Unloading class 0x000002c3811a3000 'java/lang/invoke/LambdaForm$DMH+0x000002c3811a3000'
Event: 47.599 Thread 0x000002c3dd144540 Unloading class 0x000002c3811a2000 'java/lang/invoke/LambdaForm$DMH+0x000002c3811a2000'

Classes redefined (0 events):
No events

Internal exceptions (20 events):
Event: 84.095 Thread 0x000002c3e982d5c0 Exception <a 'java/lang/IncompatibleClassChangeError'{0x00000000d5f3fff0}: Found class java.lang.Object, but interface was expected> (0x00000000d5f3fff0) 
thrown [s\src\hotspot\share\interpreter\linkResolver.cpp, line 840]
Event: 84.104 Thread 0x000002c3e982cf30 Exception <a 'java/lang/NoSuchMethodError'{0x00000000d5f80970}: 'java.lang.Object java.lang.invoke.DirectMethodHandle$Holder.invokeSpecial(java.lang.Object, java.lang.Object, java.lang.Object, java.lang.Object, int, java.lang.Object, java.lang.Object)'> (0x00000000d5f80970) 
thrown [s\src\hotspot\share\interpreter\linkResolver.cpp, line 773]
Event: 84.395 Thread 0x000002c3e85f36a0 Exception <a 'sun/nio/fs/WindowsException'{0x00000000d620aca0}> (0x00000000d620aca0) 
thrown [s\src\hotspot\share\prims\jni.cpp, line 520]
Event: 84.395 Thread 0x000002c3e85f36a0 Exception <a 'sun/nio/fs/WindowsException'{0x00000000d620b2f0}> (0x00000000d620b2f0) 
thrown [s\src\hotspot\share\prims\jni.cpp, line 520]
Event: 84.402 Thread 0x000002c3e85f36a0 Exception <a 'sun/nio/fs/WindowsException'{0x00000000d6234778}> (0x00000000d6234778) 
thrown [s\src\hotspot\share\prims\jni.cpp, line 520]
Event: 84.402 Thread 0x000002c3e85f36a0 Exception <a 'sun/nio/fs/WindowsException'{0x00000000d6234da8}> (0x00000000d6234da8) 
thrown [s\src\hotspot\share\prims\jni.cpp, line 520]
Event: 662.690 Thread 0x000002c3e982d5c0 Exception <a 'java/lang/IncompatibleClassChangeError'{0x00000000d6437100}: Found class java.lang.Object, but interface was expected> (0x00000000d6437100) 
thrown [s\src\hotspot\share\interpreter\linkResolver.cpp, line 840]
Event: 107419.959 Thread 0x000002c3e982d5c0 Exception <a 'java/lang/IncompatibleClassChangeError'{0x00000000d55b8b08}: Found class java.lang.Object, but interface was expected> (0x00000000d55b8b08) 
thrown [s\src\hotspot\share\interpreter\linkResolver.cpp, line 840]
Event: 107419.961 Thread 0x000002c3e982d5c0 Exception <a 'java/lang/IncompatibleClassChangeError'{0x00000000d55bca40}: Found class java.lang.Object, but interface was expected> (0x00000000d55bca40) 
thrown [s\src\hotspot\share\interpreter\linkResolver.cpp, line 840]
Event: 107420.120 Thread 0x000002c3e982d5c0 Exception <a 'sun/nio/fs/WindowsException'{0x00000000d5709058}> (0x00000000d5709058) 
thrown [s\src\hotspot\share\prims\jni.cpp, line 520]
Event: 107420.121 Thread 0x000002c3e982d5c0 Exception <a 'sun/nio/fs/WindowsException'{0x00000000d5709938}> (0x00000000d5709938) 
thrown [s\src\hotspot\share\prims\jni.cpp, line 520]
Event: 107420.543 Thread 0x000002c3e7d296d0 Implicit null exception at 0x000002c3d1b61fe2 to 0x000002c3d1b62420
Event: 107425.969 Thread 0x000002c3e7d289b0 Exception <a 'java/lang/NoSuchMethodError'{0x00000000d61b9fd0}: 'java.lang.Object java.lang.invoke.DirectMethodHandle$Holder.invokeSpecial(java.lang.Object, java.lang.Object, int, java.lang.Object, java.lang.Object, java.lang.Object, java.lang.Object)'> (0x00000000d61b9fd0) 
thrown [s\src\hotspot\share\interpreter\linkResolver.cpp, line 773]
Event: 107425.972 Thread 0x000002c3e7d289b0 Exception <a 'java/lang/NoSuchMethodError'{0x00000000d61e0268}: 'java.lang.Object java.lang.invoke.DirectMethodHandle$Holder.newInvokeSpecial(java.lang.Object, java.lang.Object, int, java.lang.Object, java.lang.Object)'> (0x00000000d61e0268) 
thrown [s\src\hotspot\share\interpreter\linkResolver.cpp, line 773]
Event: 107425.991 Thread 0x000002c3e7d289b0 Exception <a 'java/lang/NoSuchMethodError'{0x00000000d61fa4e8}: 'java.lang.Object java.lang.invoke.DirectMethodHandle$Holder.invokeSpecial(java.lang.Object, java.lang.Object, java.lang.Object, int, java.lang.Object, java.lang.Object, java.lang.Object)'> (0x00000000d61fa4e8) 
thrown [s\src\hotspot\share\interpreter\linkResolver.cpp, line 773]
Event: 107426.060 Thread 0x000002c3e7d289b0 Exception <a 'java/lang/NoSuchMethodError'{0x00000000d628ccb0}: 'void java.lang.invoke.DirectMethodHandle$Holder.invokeStatic(java.lang.Object, int)'> (0x00000000d628ccb0) 
thrown [s\src\hotspot\share\interpreter\linkResolver.cpp, line 773]
Event: 107426.988 Thread 0x000002c3e7d289b0 Exception <a 'java/io/FileNotFoundException'{0x00000000d5b7e4e0}> (0x00000000d5b7e4e0) 
thrown [s\src\hotspot\share\prims\jni.cpp, line 520]
Event: 107426.989 Thread 0x000002c3e7d289b0 Exception <a 'java/io/FileNotFoundException'{0x00000000d5b7fd70}> (0x00000000d5b7fd70) 
thrown [s\src\hotspot\share\prims\jni.cpp, line 520]
Event: 107426.989 Thread 0x000002c3e7d289b0 Exception <a 'java/io/FileNotFoundException'{0x00000000d5b81248}> (0x00000000d5b81248) 
thrown [s\src\hotspot\share\prims\jni.cpp, line 520]
Event: 107427.561 Thread 0x000002c3e7d289b0 Implicit null exception at 0x000002c3d1700317 to 0x000002c3d1701324

ZGC Phase Switch (0 events):
No events

VM Operations (20 events):
Event: 107424.060 Executing non-safepoint VM operation: HandshakeAllThreads (HandshakeForDeflation)
Event: 107424.060 Executing non-safepoint VM operation: HandshakeAllThreads (HandshakeForDeflation) done
Event: 107424.060 Executing non-safepoint VM operation: RendezvousGCThreads
Event: 107424.060 Executing non-safepoint VM operation: RendezvousGCThreads done
Event: 107425.064 Executing safepoint VM operation: Cleanup
Event: 107425.064 Executing safepoint VM operation: Cleanup done
Event: 107426.035 Executing safepoint VM operation: ICBufferFull
Event: 107426.035 Executing safepoint VM operation: ICBufferFull done
Event: 107426.198 Executing safepoint VM operation: ParallelGCFailedAllocation (Allocation Failure)
Event: 107426.206 Executing safepoint VM operation: ParallelGCFailedAllocation (Allocation Failure) done
Event: 107427.214 Executing safepoint VM operation: Cleanup
Event: 107427.214 Executing safepoint VM operation: Cleanup done
Event: 107427.377 Executing safepoint VM operation: ParallelGCFailedAllocation (Allocation Failure)
Event: 107427.386 Executing safepoint VM operation: ParallelGCFailedAllocation (Allocation Failure) done
Event: 107428.401 Executing safepoint VM operation: Cleanup
Event: 107428.401 Executing safepoint VM operation: Cleanup done
Event: 107429.193 Executing safepoint VM operation: ParallelGCFailedAllocation (Allocation Failure)
Event: 107429.196 Executing safepoint VM operation: ParallelGCFailedAllocation (Allocation Failure) done
Event: 107430.200 Executing safepoint VM operation: Cleanup
Event: 107430.200 Executing safepoint VM operation: Cleanup done

Memory protections (0 events):
No events

Nmethod flushes (20 events):
Event: 59.828 Thread 0x000002c3dd144540 flushing  nmethod 0x000002c3ca160610
Event: 59.828 Thread 0x000002c3dd144540 flushing  nmethod 0x000002c3ca161090
Event: 59.828 Thread 0x000002c3dd144540 flushing  nmethod 0x000002c3ca163a90
Event: 59.828 Thread 0x000002c3dd144540 flushing  nmethod 0x000002c3ca165f90
Event: 59.828 Thread 0x000002c3dd144540 flushing  nmethod 0x000002c3ca167210
Event: 59.828 Thread 0x000002c3dd144540 flushing  nmethod 0x000002c3ca189f10
Event: 59.828 Thread 0x000002c3dd144540 flushing  nmethod 0x000002c3ca18ea90
Event: 59.828 Thread 0x000002c3dd144540 flushing osr nmethod 0x000002c3ca198110
Event: 59.828 Thread 0x000002c3dd144540 flushing osr nmethod 0x000002c3ca19b890
Event: 59.828 Thread 0x000002c3dd144540 flushing osr nmethod 0x000002c3ca1d5e10
Event: 59.828 Thread 0x000002c3dd144540 flushing  nmethod 0x000002c3ca205710
Event: 59.828 Thread 0x000002c3dd144540 flushing  nmethod 0x000002c3ca205a90
Event: 59.828 Thread 0x000002c3dd144540 flushing  nmethod 0x000002c3ca206090
Event: 59.828 Thread 0x000002c3dd144540 flushing  nmethod 0x000002c3ca20d610
Event: 59.828 Thread 0x000002c3dd144540 flushing  nmethod 0x000002c3ca236410
Event: 59.828 Thread 0x000002c3dd144540 flushing  nmethod 0x000002c3ca236b10
Event: 59.828 Thread 0x000002c3dd144540 flushing  nmethod 0x000002c3ca237110
Event: 59.828 Thread 0x000002c3dd144540 flushing  nmethod 0x000002c3ca237990
Event: 59.828 Thread 0x000002c3dd144540 flushing  nmethod 0x000002c3ca238e90
Event: 59.828 Thread 0x000002c3dd144540 flushing  nmethod 0x000002c3ca23cd10

Events (20 events):
Event: 107421.013 Thread 0x000002c3e7d289b0 Thread added: 0x000002c3e85f9280
Event: 107422.241 Thread 0x000002c3e85f36a0 Thread added: 0x000002c3e85f9910
Event: 107422.242 Thread 0x000002c3e9d8c800 Thread exited: 0x000002c3e9d8c800
Event: 107425.575 Thread 0x000002c3e7d289b0 Thread added: 0x000002c3e85f7ed0
Event: 107425.585 Thread 0x000002c3de4eef20 Thread added: 0x000002c3dfbd12f0
Event: 107426.446 Thread 0x000002c3dfbd12f0 Thread exited: 0x000002c3dfbd12f0
Event: 107427.069 Thread 0x000002c3e7d289b0 Thread added: 0x000002c3e85f9fa0
Event: 107427.069 Thread 0x000002c3e7d289b0 Thread added: 0x000002c3e85fa630
Event: 107427.069 Thread 0x000002c3e7d289b0 Thread added: 0x000002c3e85f7840
Event: 107427.069 Thread 0x000002c3e7d289b0 Thread added: 0x000002c3e85f8bf0
Event: 107427.070 Thread 0x000002c3e7d289b0 Thread added: 0x000002c3e85f8560
Event: 107427.393 Thread 0x000002c3e85f36a0 Thread added: 0x000002c3e982c8a0
Event: 107427.517 Thread 0x000002c3e85f7840 Thread exited: 0x000002c3e85f7840
Event: 107427.517 Thread 0x000002c3e85f8bf0 Thread exited: 0x000002c3e85f8bf0
Event: 107427.517 Thread 0x000002c3e85fa630 Thread exited: 0x000002c3e85fa630
Event: 107427.517 Thread 0x000002c3e85f9fa0 Thread exited: 0x000002c3e85f9fa0
Event: 107427.517 Thread 0x000002c3e85f8560 Thread exited: 0x000002c3e85f8560
Event: 107427.871 Thread 0x000002c3de4eef20 Thread added: 0x000002c3ea7f65b0
Event: 107429.134 Thread 0x000002c3ea7f65b0 Thread exited: 0x000002c3ea7f65b0
Event: 107429.208 Thread 0x000002c3de4eef20 Thread added: 0x000002c3ea8fd750


Dynamic libraries:
0x00007ff68ce00000 - 0x00007ff68ce0e000 	c:\Users\Пользователь\.vscode\extensions\redhat.java-1.53.0-win32-x64\jre\21.0.10-win32-x86_64\bin\java.exe
0x00007ffd37340000 - 0x00007ffd375a7000 	C:\Windows\SYSTEM32\ntdll.dll
0x00007ffd366e0000 - 0x00007ffd367a9000 	C:\Windows\System32\KERNEL32.DLL
0x00007ffd348e0000 - 0x00007ffd34cd1000 	C:\Windows\System32\KERNELBASE.dll
0x00007ffd34e50000 - 0x00007ffd34f9b000 	C:\Windows\System32\ucrtbase.dll
0x00007ffd1b2f0000 - 0x00007ffd1b308000 	c:\Users\Пользователь\.vscode\extensions\redhat.java-1.53.0-win32-x64\jre\21.0.10-win32-x86_64\bin\jli.dll
0x00007ffd1dbb0000 - 0x00007ffd1dbce000 	c:\Users\Пользователь\.vscode\extensions\redhat.java-1.53.0-win32-x64\jre\21.0.10-win32-x86_64\bin\VCRUNTIME140.dll
0x00007ffd359d0000 - 0x00007ffd35b95000 	C:\Windows\System32\USER32.dll
0x00007ffd33f90000 - 0x00007ffd33fb7000 	C:\Windows\System32\win32u.dll
0x00007ffd10470000 - 0x00007ffd10703000 	C:\Windows\WinSxS\amd64_microsoft.windows.common-controls_6595b64144ccf1df_6.0.26100.8037_none_3e092faae333b53b\COMCTL32.dll
0x00007ffd372d0000 - 0x00007ffd372fb000 	C:\Windows\System32\GDI32.dll
0x00007ffd37020000 - 0x00007ffd370c9000 	C:\Windows\System32\msvcrt.dll
0x00007ffd33da0000 - 0x00007ffd33ecb000 	C:\Windows\System32\gdi32full.dll
0x00007ffd35030000 - 0x00007ffd350d3000 	C:\Windows\System32\msvcp_win.dll
0x00007ffd36f80000 - 0x00007ffd36fb1000 	C:\Windows\System32\IMM32.DLL
0x00007ffd2efa0000 - 0x00007ffd2efac000 	c:\Users\Пользователь\.vscode\extensions\redhat.java-1.53.0-win32-x64\jre\21.0.10-win32-x86_64\bin\vcruntime140_1.dll
0x00007ffcfe3c0000 - 0x00007ffcfe44d000 	c:\Users\Пользователь\.vscode\extensions\redhat.java-1.53.0-win32-x64\jre\21.0.10-win32-x86_64\bin\msvcp140.dll
0x00007ffcc48f0000 - 0x00007ffcc5691000 	c:\Users\Пользователь\.vscode\extensions\redhat.java-1.53.0-win32-x64\jre\21.0.10-win32-x86_64\bin\server\jvm.dll
0x00007ffd35e10000 - 0x00007ffd35ecb000 	C:\Windows\System32\ADVAPI32.dll
0x00007ffd367c0000 - 0x00007ffd36867000 	C:\Windows\System32\sechost.dll
0x00007ffd36d00000 - 0x00007ffd36e18000 	C:\Windows\System32\RPCRT4.dll
0x00007ffd35850000 - 0x00007ffd358c4000 	C:\Windows\System32\WS2_32.dll
0x00007ffd24020000 - 0x00007ffd24055000 	C:\Windows\SYSTEM32\WINMM.dll
0x00007ffd26e70000 - 0x00007ffd26e7b000 	C:\Windows\SYSTEM32\VERSION.dll
0x00007ffd33a80000 - 0x00007ffd33ade000 	C:\Windows\SYSTEM32\POWRPROF.dll
0x00007ffd33a60000 - 0x00007ffd33a74000 	C:\Windows\SYSTEM32\UMPDC.dll
0x00007ffd328d0000 - 0x00007ffd328eb000 	C:\Windows\SYSTEM32\kernel.appcore.dll
0x00007ffd2ef10000 - 0x00007ffd2ef1a000 	c:\Users\Пользователь\.vscode\extensions\redhat.java-1.53.0-win32-x64\jre\21.0.10-win32-x86_64\bin\jimage.dll
0x00007ffd317c0000 - 0x00007ffd31a02000 	C:\Windows\SYSTEM32\DBGHELP.DLL
0x00007ffd36960000 - 0x00007ffd36ce2000 	C:\Windows\System32\combase.dll
0x00007ffd35d30000 - 0x00007ffd35e07000 	C:\Windows\System32\OLEAUT32.dll
0x00007ffd129a0000 - 0x00007ffd129db000 	C:\Windows\SYSTEM32\dbgcore.DLL
0x00007ffd34830000 - 0x00007ffd348d5000 	C:\Windows\System32\bcryptPrimitives.dll
0x00007ffd27420000 - 0x00007ffd2742f000 	c:\Users\Пользователь\.vscode\extensions\redhat.java-1.53.0-win32-x64\jre\21.0.10-win32-x86_64\bin\instrument.dll
0x00007ffd19950000 - 0x00007ffd19970000 	c:\Users\Пользователь\.vscode\extensions\redhat.java-1.53.0-win32-x64\jre\21.0.10-win32-x86_64\bin\java.dll
0x00007ffd350e0000 - 0x00007ffd3583f000 	C:\Windows\System32\SHELL32.dll
0x00007ffd34ce0000 - 0x00007ffd34e4a000 	C:\Windows\System32\wintypes.dll
0x00007ffd33fc0000 - 0x00007ffd34824000 	C:\Windows\System32\windows.storage.dll
0x00007ffd35c30000 - 0x00007ffd35d27000 	C:\Windows\System32\SHCORE.dll
0x00007ffd36870000 - 0x00007ffd368d7000 	C:\Windows\System32\shlwapi.dll
0x00007ffd33b40000 - 0x00007ffd33b69000 	C:\Windows\SYSTEM32\profapi.dll
0x00007ffd19230000 - 0x00007ffd19248000 	c:\Users\Пользователь\.vscode\extensions\redhat.java-1.53.0-win32-x64\jre\21.0.10-win32-x86_64\bin\zip.dll
0x00007ffd25e20000 - 0x00007ffd25e30000 	C:\Users\Пользователь\.vscode\extensions\redhat.java-1.53.0-win32-x64\jre\21.0.10-win32-x86_64\bin\net.dll
0x00007ffd25bf0000 - 0x00007ffd25d17000 	C:\Windows\SYSTEM32\WINHTTP.dll
0x00007ffd32ec0000 - 0x00007ffd32f2b000 	C:\Windows\system32\mswsock.dll
0x00007ffd188b0000 - 0x00007ffd188c6000 	C:\Users\Пользователь\.vscode\extensions\redhat.java-1.53.0-win32-x64\jre\21.0.10-win32-x86_64\bin\nio.dll
0x00007ffd25980000 - 0x00007ffd25990000 	c:\Users\Пользователь\.vscode\extensions\redhat.java-1.53.0-win32-x64\jre\21.0.10-win32-x86_64\bin\verify.dll
0x00007ffd01ec0000 - 0x00007ffd01f05000 	C:\Users\Пользователь\AppData\Roaming\Code\User\globalStorage\redhat.java\1.53.0\config_win\org.eclipse.equinox.launcher\org.eclipse.equinox.launcher.win32.win32.x86_64_1.3.0.v20260203-2149\eclipse_11919.dll
0x00007ffd36520000 - 0x00007ffd366b5000 	C:\Windows\System32\ole32.dll
0x00007ffd332c0000 - 0x00007ffd332db000 	C:\Windows\SYSTEM32\CRYPTSP.dll
0x00007ffd328f0000 - 0x00007ffd32929000 	C:\Windows\system32\rsaenh.dll
0x00007ffd32f70000 - 0x00007ffd32fa2000 	C:\Windows\SYSTEM32\USERENV.dll
0x00007ffd33b10000 - 0x00007ffd33b3a000 	C:\Windows\SYSTEM32\bcrypt.dll
0x00007ffd33120000 - 0x00007ffd3312c000 	C:\Windows\SYSTEM32\CRYPTBASE.dll
0x00007ffd323a0000 - 0x00007ffd323d3000 	C:\Windows\SYSTEM32\IPHLPAPI.DLL
0x00007ffd366c0000 - 0x00007ffd366ca000 	C:\Windows\System32\NSI.dll
0x00007ffcf55f0000 - 0x00007ffcf5639000 	C:\Users\Пользователь\AppData\Local\Temp\jna--2071995527\jna12827028702581117607.dll
0x00007ffd36cf0000 - 0x00007ffd36cf8000 	C:\Windows\System32\PSAPI.DLL
0x00007ffd26060000 - 0x00007ffd2607d000 	C:\Windows\SYSTEM32\dhcpcsvc6.DLL
0x00007ffd25e50000 - 0x00007ffd25e73000 	C:\Windows\SYSTEM32\dhcpcsvc.DLL

JVMTI agents:
c:\Users\Пользователь\.vscode\extensions\redhat.java-1.53.0-win32-x64\lombok\lombok-1.18.39-4050.jar path:c:\Users\Пользователь\.vscode\extensions\redhat.java-1.53.0-win32-x64\jre\21.0.10-win32-x86_64\bin\instrument.dll, loaded, initialized, instrumentlib options:none

dbghelp: loaded successfully - version: 4.0.5 - missing functions: none
symbol engine: initialized successfully - sym options: 0x614 - pdb path: .;c:\Users\Пользователь\.vscode\extensions\redhat.java-1.53.0-win32-x64\jre\21.0.10-win32-x86_64\bin;C:\Windows\SYSTEM32;C:\Windows\WinSxS\amd64_microsoft.windows.common-controls_6595b64144ccf1df_6.0.26100.8037_none_3e092faae333b53b;c:\Users\Пользователь\.vscode\extensions\redhat.java-1.53.0-win32-x64\jre\21.0.10-win32-x86_64\bin\server;C:\Users\Пользователь\AppData\Roaming\Code\User\globalStorage\redhat.java\1.53.0\config_win\org.eclipse.equinox.launcher\org.eclipse.equinox.launcher.win32.win32.x86_64_1.3.0.v20260203-2149;C:\Users\Пользователь\AppData\Local\Temp\jna--2071995527

VM Arguments:
jvm_args: --add-modules=ALL-SYSTEM --add-opens=java.base/java.util=ALL-UNNAMED --add-opens=java.base/java.lang=ALL-UNNAMED --add-opens=java.base/sun.nio.fs=ALL-UNNAMED -Declipse.application=org.eclipse.jdt.ls.core.id1 -Dosgi.bundles.defaultStartLevel=4 -Declipse.product=org.eclipse.jdt.ls.core.product -Djava.import.generatesMetadataFilesAtProjectRoot=false -DDetectVMInstallationsJob.disabled=true -Dfile.encoding=utf8 -XX:+UseParallelGC -XX:GCTimeRatio=4 -XX:AdaptiveSizePolicyWeight=90 -Dsun.zip.disableMemoryMapping=true -Xmx2G -Xms100m -Xlog:disable -javaagent:c:\Users\Пользователь\.vscode\extensions\redhat.java-1.53.0-win32-x64\lombok\lombok-1.18.39-4050.jar -XX:+HeapDumpOnOutOfMemoryError -XX:HeapDumpPath=c:\Users\Пользователь\AppData\Roaming\Code\User\workspaceStorage\96a9a54901f57974891139e22656001f\redhat.java -Daether.dependencyCollector.impl=bf 
java_command: c:\Users\Пользователь\.vscode\extensions\redhat.java-1.53.0-win32-x64\server\plugins\org.eclipse.equinox.launcher_1.7.100.v20251111-0406.jar -configuration c:\Users\Пользователь\AppData\Roaming\Code\User\globalStorage\redhat.java\1.53.0\config_win -data c:\Users\Пользователь\AppData\Roaming\Code\User\workspaceStorage\96a9a54901f57974891139e22656001f\redhat.java\jdt_ws --pipe=\\.\pipe\lsp-158b1211752cc5bb45f7f266d191b16a-sock
java_class_path (initial): c:\Users\Пользователь\.vscode\extensions\redhat.java-1.53.0-win32-x64\server\plugins\org.eclipse.equinox.launcher_1.7.100.v20251111-0406.jar
Launcher Type: SUN_STANDARD

[Global flags]
    uintx AdaptiveSizePolicyWeight                 = 90                                        {product} {command line}
     intx CICompilerCount                          = 4                                         {product} {ergonomic}
    uintx GCTimeRatio                              = 4                                         {product} {command line}
     bool HeapDumpOnOutOfMemoryError               = true                                   {manageable} {command line}
    ccstr HeapDumpPath                             = c:\Users\Пользователь\AppData\Roaming\Code\User\workspaceStorage\96a9a54901f57974891139e22656001f\redhat.java         {manageable} {command line}
   size_t InitialHeapSize                          = 104857600                                 {product} {command line}
   size_t MaxHeapSize                              = 2147483648                                {product} {command line}
   size_t MaxNewSize                               = 715653120                                 {product} {ergonomic}
   size_t MinHeapDeltaBytes                        = 524288                                    {product} {ergonomic}
   size_t MinHeapSize                              = 104857600                                 {product} {command line}
   size_t NewSize                                  = 34603008                                  {product} {ergonomic}
    uintx NonNMethodCodeHeapSize                   = 5839372                                {pd product} {ergonomic}
    uintx NonProfiledCodeHeapSize                  = 122909434                              {pd product} {ergonomic}
   size_t OldSize                                  = 70254592                                  {product} {ergonomic}
    uintx ProfiledCodeHeapSize                     = 122909434                              {pd product} {ergonomic}
    uintx ReservedCodeCacheSize                    = 251658240                              {pd product} {ergonomic}
     bool SegmentedCodeCache                       = true                                      {product} {ergonomic}
   size_t SoftMaxHeapSize                          = 2147483648                             {manageable} {ergonomic}
     bool UseCompressedOops                        = true                           {product lp64_product} {ergonomic}
     bool UseLargePagesIndividualAllocation        = false                                  {pd product} {ergonomic}
     bool UseParallelGC                            = true                                      {product} {command line}

Logging:
Log output configuration:
 #0: stdout all=off uptime,level,tags foldmultilines=false
 #1: stderr all=off uptime,level,tags foldmultilines=false

Release file:
JAVA_VERSION="21.0.10" 
MODULES="java.base java.compiler java.datatransfer java.xml java.prefs java.desktop java.instrument java.logging java.management java.security.sasl java.naming java.rmi java.management.rmi java.net.http java.scripting java.security.jgss java.transaction.xa java.sql java.sql.rowset java.xml.crypto java.se java.smartcardio jdk.accessibility jdk.internal.jvmstat jdk.attach jdk.charsets jdk.internal.opt jdk.zipfs jdk.compiler jdk.crypto.ec jdk.crypto.cryptoki jdk.crypto.mscapi jdk.dynalink jdk.internal.ed jdk.editpad jdk.hotspot.agent jdk.httpserver jdk.internal.le jdk.internal.vm.ci jdk.internal.vm.compiler jdk.internal.vm.compiler.management jdk.jartool jdk.javadoc jdk.jcmd jdk.management jdk.management.agent jdk.jconsole jdk.jdeps jdk.jdwp.agent jdk.jdi jdk.jfr jdk.jshell jdk.jsobject jdk.jstatd jdk.localedata jdk.management.jfr jdk.naming.dns jdk.naming.rmi jdk.net jdk.nio.mapmode jdk.random jdk.sctp jdk.security.auth jdk.security.jgss jdk.unsupported jdk.unsupported.desktop jdk.xml.dom" 

Environment Variables:
JAVA_HOME=C:\Program Files\Java\jdk-17
PATH=C:\Users\Пользователь\AppData\Local\Programs\Microsoft VS Code;C:\Program Files\Common Files\Oracle\Java\javapath;C:\Program Files\Eclipse Adoptium\jdk-17.0.18.8-hotspot\bin;C:\Program Files (x86)\Common Files\Intel\Shared Libraries\redist\ia32_win\compiler;C:\Program Files (x86)\Common Files\Intel\Shared Libraries\redist\intel64_win\compiler;C:\Python313\Scripts\;C:\Python313\;C:\Windows\system32;C:\Windows;C:\Windows\System32\Wbem;C:\Windows\System32\WindowsPowerShell\v1.0\;C:\Windows\System32\OpenSSH\;C:\Program Files (x86)\NVIDIA Corporation\PhysX\Common;C:\ProgramData\chocolatey\bin;C:\Program Files\nodejs\;C:\Program Files\Git\cmd;C:\Program Files\PuTTY\;C:\Program Files\WireGuard\;C:\Users\Пользователь\AppData\Local\Microsoft\WindowsApps;C:\Users\Пользователь\AppData\Roaming\npm;C:\Users\Пользователь\Desktop\apache-maven-3.9.9\apache-maven\src\bin;C:\Users\Пользователь\AppData\Local\GitHubDesktop\bin;C:\Users\Пользователь\AppData\Local\Programs\Qoder\bin;C:\Users\Пользователь\AppData\Local\Programs\Microsoft VS Code\bin;C:\Program Files\Java\jdk-17\bin;
USERNAME=Пользователь
OS=Windows_NT
PROCESSOR_IDENTIFIER=Intel64 Family 6 Model 154 Stepping 3, GenuineIntel
TMP=C:\Users\73B5~1\AppData\Local\Temp
TEMP=C:\Users\73B5~1\AppData\Local\Temp




Periodic native trim disabled

---------------  S Y S T E M  ---------------

OS:
 Windows 11 , 64 bit Build 26100 (10.0.26100.7920)
OS uptime: 14 days 8:38 hours
Hyper-V role detected

CPU: total 12 (initial active 12) (6 cores per cpu, 2 threads per core) family 6 model 154 stepping 3 microcode 0x41e, cx8, cmov, fxsr, ht, mmx, 3dnowpref, sse, sse2, sse3, ssse3, sse4.1, sse4.2, popcnt, lzcnt, tsc, tscinvbit, avx, avx2, aes, erms, clmul, bmi1, bmi2, adx, sha, fma, vzeroupper, clflush, clflushopt, clwb, hv, serialize, rdtscp, rdpid, fsrm, f16c, cet_ibt, cet_ss
Processor Information for processor 0
  Max Mhz: 2000, Current Mhz: 2000, Mhz Limit: 2000
Processor Information for processor 1
  Max Mhz: 2000, Current Mhz: 2000, Mhz Limit: 2000
Processor Information for processor 2
  Max Mhz: 2000, Current Mhz: 2000, Mhz Limit: 2000
Processor Information for processor 3
  Max Mhz: 2000, Current Mhz: 2000, Mhz Limit: 2000
Processor Information for processor 4
  Max Mhz: 2000, Current Mhz: 2000, Mhz Limit: 2000
Processor Information for processor 5
  Max Mhz: 2000, Current Mhz: 2000, Mhz Limit: 2000
Processor Information for processor 6
  Max Mhz: 2000, Current Mhz: 2000, Mhz Limit: 2000
Processor Information for processor 7
  Max Mhz: 2000, Current Mhz: 2000, Mhz Limit: 2000
Processor Information for processor 8
  Max Mhz: 2000, Current Mhz: 1500, Mhz Limit: 1500
Processor Information for processor 9
  Max Mhz: 2000, Current Mhz: 1500, Mhz Limit: 1500
Processor Information for processor 10
  Max Mhz: 2000, Current Mhz: 1500, Mhz Limit: 1500
Processor Information for processor 11
  Max Mhz: 2000, Current Mhz: 1500, Mhz Limit: 1500

Memory: 4k page, system-wide physical 16104M (1815M free)
TotalPageFile size 21623M (AvailPageFile size 5M)
current process WorkingSet (physical memory assigned to process): 282M, peak: 431M
current process commit charge ("private bytes"): 485M, peak: 510M

vm_info: OpenJDK 64-Bit Server VM (21.0.10+7-LTS) for windows-amd64 JRE (21.0.10+7-LTS), built on 2026-01-20T00:00:00Z by "admin" with MS VC++ 17.12 (VS2022)

END.
